<html>
<body>
<pre>
<h1>礦ision Build Log</h1>
<h2>Tool Versions:</h2>
IDE-Version: μVision V5.43.1.0
Copyright (C) 2025 ARM Ltd and ARM Germany GmbH. All rights reserved.
License Information: yi liu, dalian univercity, LIC=----
 
Tool Versions:
Toolchain:       MDK-Lite  Version: 5.43.0.0
Toolchain Path:  D:\keil\ARM\ARM_Compiler_5.06u7\Bin
C Compiler:      Armcc.exe V5.06 update 7 (build 960)
Assembler:       Armasm.exe V5.06 update 7 (build 960)
Linker/Locator:  ArmLink.exe V5.06 update 7 (build 960)
Library Manager: ArmAr.exe V5.06 update 7 (build 960)
Hex Converter:   FromElf.exe V5.06 update 7 (build 960)
CPU DLL:         SARMCM3.DLL V5.43.0.0
Dialog DLL:      DCM.DLL V1.17.5.0
Target DLL:      STLink\ST-LINKIII-KEIL_SWO.dll V3.3.1.0
Dialog DLL:      TCM.DLL V1.56.6.0
 
<h2>Project:</h2>
D:\大创\大创代码\WS2812B灯带\Project.uvprojx
Project File Date:  03/14/2026

<h2>Output:</h2>
*** Using Compiler 'V5.06 update 7 (build 960)', folder: 'D:\keil\ARM\ARM_Compiler_5.06u7\Bin'
Rebuild target 'Target 1'
assembling startup_stm32f10x_md.s...
compiling system_stm32f10x.c...
compiling core_cm3.c...
compiling misc.c...
compiling stm32f10x_adc.c...
compiling stm32f10x_exti.c...
compiling stm32f10x_fsmc.c...
compiling stm32f10x_crc.c...
compiling stm32f10x_dma.c...
compiling stm32f10x_flash.c...
compiling stm32f10x_can.c...
compiling stm32f10x_cec.c...
compiling stm32f10x_dac.c...
compiling stm32f10x_gpio.c...
compiling stm32f10x_dbgmcu.c...
compiling stm32f10x_bkp.c...
compiling stm32f10x_i2c.c...
compiling stm32f10x_iwdg.c...
compiling stm32f10x_pwr.c...
compiling stm32f10x_rtc.c...
compiling stm32f10x_sdio.c...
compiling stm32f10x_spi.c...
compiling stm32f10x_rcc.c...
compiling stm32f10x_wwdg.c...
compiling stm32f10x_usart.c...
compiling main.c...
compiling stm32f10x_tim.c...
compiling effect.c...
Hardware\effect.c(13): warning:  #223-D: function "Delay_ms" declared implicitly
          Delay_ms(150);
Hardware\effect.c(22): warning:  #223-D: function "Delay_ms" declared implicitly
          Delay_ms(150);
Hardware\effect.c(31): warning:  #223-D: function "Delay_ms" declared implicitly
          Delay_ms(150);
Hardware\effect.c(47): warning:  #223-D: function "Delay_ms" declared implicitly
          Delay_ms(200);
Hardware\effect.c(59): warning:  #223-D: function "Delay_ms" declared implicitly
          Delay_ms(200);
Hardware\effect.c(82): warning:  #223-D: function "Delay_ms" declared implicitly
          Delay_ms(200);
Hardware\effect.c(113): warning:  #223-D: function "Delay_ms" declared implicitly
          Delay_ms(200);
Hardware\effect.c(128): warning:  #223-D: function "Delay_ms" declared implicitly
              Delay_ms(100);
Hardware\effect.c(140): warning:  #223-D: function "Delay_ms" declared implicitly
              Delay_ms(100);
Hardware\effect.c(152): warning:  #223-D: function "Delay_ms" declared implicitly
              Delay_ms(100);
Hardware\effect.c(176): warning:  #223-D: function "Delay_ms" declared implicitly
          Delay_ms(300);
Hardware\effect.c(195): warning:  #223-D: function "Delay_ms" declared implicitly
          Delay_ms(300);
Hardware\effect.c(210): warning:  #223-D: function "Delay_ms" declared implicitly
              Delay_ms(300);
Hardware\effect.c(222): warning:  #223-D: function "Delay_ms" declared implicitly
              Delay_ms(300);
Hardware\effect.c: 14 warnings, 0 errors
compiling stm32f10x_it.c...
compiling ws2812_spi.c...
Hardware\ws2812_spi.c(14): warning:  #550-D: variable "led_color_buffer"  was set but never used
  static uint8_t led_color_buffer[LED_NUM][3];
Hardware\ws2812_spi.c: 1 warning, 0 errors
linking...
Program Size: Code=1772 RO-data=252 RW-data=0 ZI-data=2088  
".\Objects\Project.axf" - 0 Error(s), 15 Warning(s).

<h2>Software Packages used:</h2>

Package Vendor: Keil
                https://www.keil.com/pack/Keil.STM32F1xx_DFP.2.4.1.pack
                Keil::STM32F1xx_DFP@2.4.1
                STMicroelectronics STM32F1 Series Device Support, Drivers and Examples

<h2>Collection of Component include folders:</h2>
  D:/keil/Keil/STM32F1xx_DFP/2.4.1/Device/Include

<h2>Collection of Component Files used:</h2>
Build Time Elapsed:  00:00:02
</pre>
</body>
</html>
